Loading CPL Augmented Infinite data...
Merging DAE features...
Merging MLP signatures...
Using 98 total features for Refined CPL Ensemble.

--- Refined CPL Ensemble for Target_Al ---
  Refining Seed 42...
  Refining Seed 2024...
  Refining Seed 888...
Target Target_Al Refined R2: 0.8339

--- Refined CPL Ensemble for Target_B ---
  Refining Seed 42...
  Refining Seed 2024...
  Refining Seed 888...
Target Target_B Refined R2: 0.4297

--- Refined CPL Ensemble for Target_Ca ---
  Refining Seed 42...
  Refining Seed 2024...
  Refining Seed 888...
Target Target_Ca Refined R2: 0.8838

--- Refined CPL Ensemble for Target_Cu ---
  Refining Seed 42...
  Refining Seed 2024...
  Refining Seed 888...
Target Target_Cu Refined R2: 0.7499

--- Refined CPL Ensemble for Target_Fe ---
  Refining Seed 42...
  Refining Seed 2024...
  Refining Seed 888...
Target Target_Fe Refined R2: 0.6665

--- Refined CPL Ensemble for Target_Mg ---
  Refining Seed 42...
  Refining Seed 2024...
  Refining Seed 888...
Target Target_Mg Refined R2: 0.8585

--- Refined CPL Ensemble for Target_Mn ---
  Refining Seed 42...
  Refining Seed 2024...
  Refining Seed 888...
Target Target_Mn Refined R2: 0.6492

--- Refined CPL Ensemble for Target_N ---
  Refining Seed 42...
  Refining Seed 2024...
  Refining Seed 888...
Target Target_N Refined R2: 0.7609

--- Refined CPL Ensemble for Target_P ---
  Refining Seed 42...
  Refining Seed 2024...
  Refining Seed 888...
Target Target_P Refined R2: 0.2766

--- Refined CPL Ensemble for Target_K ---
  Refining Seed 42...
  Refining Seed 2024...
  Refining Seed 888...
Target Target_K Refined R2: 0.7703

--- Refined CPL Ensemble for Target_Na ---
  Refining Seed 42...
  Refining Seed 2024...
  Refining Seed 888...
Target Target_Na Refined R2: 0.2544

--- Refined CPL Ensemble for Target_S ---
  Refining Seed 42...
  Refining Seed 2024...
  Refining Seed 888...
Target Target_S Refined R2: 0.2460

--- Refined CPL Ensemble for Target_Zn ---
  Refining Seed 42...
  Refining Seed 2024...
  Refining Seed 888...
Target Target_Zn Refined R2: 0.3382

[Project Infinite] FINAL Refined Mean R2: 0.5937
